External auto tune
kp: 0.249 ki: 0 kd: 5.21
start: 500 end: 1000
Listening to port 4567
Connected!!!
started
$input@
$0.0318964@
Connected!!!
started
$input@
$0.0306782@
Connected!!!
started
$input@
$0.0284373@
Connected!!!
started
$input@
$0.0298028@
Connected!!!
started
$input@
$0.0295681@
Connected!!!
started
$input@
$0.0336892@
Connected!!!
started
$input@
$0.0271864@
Connected!!!
started
$input@
$0.031587@
Connected!!!
started
$input@
$0.0310469@
Connected!!!
started
$input@
$0.0285779@
Connected!!!
started
$input@
$0.0326845@
Connected!!!
started
$input@
$0.0493266@
Connected!!!
started
$input@
$0.0470869@
Connected!!!
started
$input@
$0.0518329@
Connected!!!
started
$input@
$0.0506619@
Connected!!!
started
$input@
$0.0492508@
Connected!!!
started
$input@
$0.0502348@
Connected!!!
started
$input@
$0.0489661@
Connected!!!
started
$input@
$0.0511864@
Connected!!!
started
$input@
$0.0525145@
Connected!!!
started
$input@
$0.0511181@
Connected!!!
started
$input@
$0.0471588@
Connected!!!
started
$input@
$0.0522604@
Connected!!!
started
$input@
$0.0493727@
Connected!!!
started
$input@
$0.0471917@
Connected!!!
started
$input@
$0.0379482@
Connected!!!
started
$input@
$0.0463355@
Connected!!!
started
$input@
$0.0459471@
Connected!!!
started
$input@
$0.0537975@
Connected!!!
started
$input@
$0.0488352@
Connected!!!
started
$input@
$0.052526@
Connected!!!
started
$input@
$0.0520338@
Connected!!!
started
$input@
$0.0485372@
Connected!!!
started
$input@
$0.0486457@
Connected!!!
started
$input@
$0.0508736@
Connected!!!
started
$input@
$0.048765@
Connected!!!
started
$input@
$0.055799@
Connected!!!
started
$input@
$0.0493454@
Connected!!!
started
$input@
$0.0494643@
Connected!!!
started
$input@
$0.0468274@
Connected!!!
started
$input@
$0.0536125@
Connected!!!
started
$input@
$0.0484735@
Connected!!!
started
$input@
$0.0460381@
Connected!!!
